#
# A fatal error has been detected by the Java Runtime Environment:
#
#  EXCEPTION_ACCESS_VIOLATION (0xc0000005) at pc=0x00007ffa81b0439b, pid=19904, tid=23936
#
# JRE version: Java(TM) SE Runtime Environment (21.0.6+8) (build 21.0.6+8-LTS-188)
# Java VM: Java HotSpot(TM) 64-Bit Server VM (21.0.6+8-LTS-188, mixed mode, emulated-client, sharing, tiered, compressed oops, compressed class ptrs, g1 gc, windows-amd64)
# Problematic frame:
# C  0x000000052d05057c
#
# No core dump will be written. Minidumps are not enabled by default on client versions of Windows
#
# If you would like to submit a bug report, please visit:
#   https://bugreport.java.com/bugreport/crash.jsp
#

---------------  S U M M A R Y ------------

Command Line: -XX:TieredStopAtLevel=1 -Dspring.output.ansi.enabled=always -Dcom.sun.management.jmxremote -Dspring.jmx.enabled=true -Dspring.liveBeansView.mbeanDomain -Dspring.application.admin.enabled=true -Dmanagement.endpoints.jmx.exposure.include=* -javaagent:C:\Program Files\JetBrains\IntelliJ IDEA 2024.3.2.2\lib\idea_rt.jar=50497 -Dfile.encoding=UTF-8 -Dsun.stdout.encoding=UTF-8 -Dsun.stderr.encoding=UTF-8 fr.meya.witcher.WitcherToolkitBackApplication

Host: AMD Ryzen 5 3600X 6-Core Processor             , 12 cores, 47G,  Windows 11 , 64 bit Build 26100 (10.0.26100.4768)
Time: Fri Aug 22 22:40:48 2025 Paris, Madrid (heure duild 26100 (10.0.26100.4768) elapsed time: 2.325083 seconds (0d 0h 0m 2s)

---------------  T H R E A D  ---------------

Current thread (0x000001ff2dc942f0):  WorkerThread "GC Thread#1"    [id=23936, stack(0x000000f3b4400000,0x000000f3b4500000) (1024K)]

Stack: [0x000000f3b4400000,0x000000f3b4500000],  sp=0x000000f3b44ff828,  free space=1022k
Native frames: (J=compiled Java code, j=interpreted, Vv=VM code, C=native code)
C  0x00007ffa81b0439b


siginfo: EXCEPTION_ACCESS_VIOLATION (0xc0000005), data execution prevention violation at address 0x00007ffa81b0439b


Registers:
RAX=0x0000000000000000, RBX=0x000000052d0505a4, RCX=0x000001ff93cb0aa8, RDX=0x000000052d0505a4
RSP=0x000000f3b44ff820, RBP=0x000000052d050588, RSI=0x000000052d0505d8, RDI=0x000001ff93cb0aa8
R8 =0x000000052d050598, R9 =0x0000000000000010, R10=0x0000000000000010, R11=0x0000000000000001
R12=0x0000000000000000, R13=0x0000000000000010, R14=0x0000000000000010, R15=0x000000000000000c
RIP=0x00007ffa81b0439b, EFLAGS=0x0000000000010202


Register to memory mapping:

RAX=0x0 is null
RBX=
[error occurred during error reporting (printing register info), id 0xc0000005, EXCEPTION_ACCESS_VIOLATION (0xc0000005) at pc=0x00007ffa808ed5a1]
RCX=0x000001ff93cb0aa8 points into unknown readable memory: 0x00007ffa81188530 | 30 85 18 81 fa 7f 00 00
RDX=
[error occurred during error reporting (printing register info, attempt 2), id 0xc0000005, EXCEPTION_ACCESS_VIOLATION (0xc0000005) at pc=0x00007ffa808ed5a1]
RSP=0x000000f3b44ff820 points into unknown readable memory: 0x000000052d05057c | 7c 05 05 2d 05 00 00 00
RBP=0x000000052d050588 is an oop: [Ljava.util.HashMap$Node; 
{0x000000052d050588} - klass: 'java/util/HashMap$Node'[]
 - length: 16
RSI=
[error occurred during error reporting (printing register info, attempt 3), id 0xc0000005, EXCEPTION_ACCESS_VIOLATION (0xc0000005) at pc=0x00007ffa808ed5a1]
Top of Stack: (sp=0x000000f3b44ff820)
0x000000f3b44ff820:   000000052d05057c 000001ff93cb0aa8
0x000000f3b44ff830:   000000052d0505d8 0000000000000005
0x000000f3b44ff840:   000001ff93cb0920 000000050650a740
0x000000f3b44ff850:   0000000000000011 00007ffa80b05e22
0x000000f3b44ff860:   0000000000000011 0000000000000003
0x000000f3b44ff870:   000000052d050588 0000000000000000
0x000000f3b44ff880:   000000052d049d94 00007ffa80b03d89
0x000000f3b44ff890:   0000000000000011 000001ff4a81b8a0
0x000000f3b44ff8a0:   000001ff93cb0938 000001ff3cf8802a
0x000000f3b44ff8b0:   000001ff93cb0aa8 0000000000000000
0x000000f3b44ff8c0:   0000000000000040 000001ff93719a60
0x000000f3b44ff8d0:   0000000000000002 000001ff93cb0920
0x000000f3b44ff8e0:   000001ff2fff09c0 000000000000276e
0x000000f3b44ff8f0:   000000052d05057c 00007ffa80b06c73
0x000000f3b44ff900:   0000000501800000 0000000000000001
0x000000f3b44ff910:   000001ff00000000 0000000000000050
0x000000f3b44ff920:   0000000501805200 0000000000000002
0x000000f3b44ff930:   000000f3b44ffb20 0000000501805600
0x000000f3b44ff940:   000000f3b44ffb20 00007ffa80b0334e
0x000000f3b44ff950:   0000000501805600 000001ff93cb0920
0x000000f3b44ff960:   0000000501805200 0000000000000080
0x000000f3b44ff970:   000000000141fde0 0000000000000000
0x000000f3b44ff980:   0000000000000002 000000f3b44ffb20
0x000000f3b44ff990:   000001ff4a8169f0 00007ffa80b0ffcb
0x000000f3b44ff9a0:   0000000000000002 000001ff4a8169f0
0x000000f3b44ff9b0:   000000f3b44ffb20 00007ffa80e7337f
0x000000f3b44ff9c0:   0000000501805200 0000000000000080
0x000000f3b44ff9d0:   00007ffa811897a0 0000000000000000
0x000000f3b44ff9e0:   000001ff2ffe72e0 000001ff93cb0920
0x000000f3b44ff9f0:   000000f3b44ffb70 00007ffa80e7337f
0x000000f3b44ffa00:   000001ff4d5bb940 000001ff3cf88080
0x000000f3b44ffa10:   000001ff2ffedc80 00007ffa80b11c89 

Instructions: (pc=0x000000052d05057c)
0x000000052d05047c:   90 a0 a0 a5 19 00 00 00 00 00 00 00 68 ce 08 00
0x000000052d05048c:   00 00 00 00 00 00 00 00 01 00 00 00 01 00 00 00
0x000000052d05049c:   0c 00 00 00 00 00 40 3f 96 a0 a0 a5 00 00 00 00
0x000000052d0504ac:   00 00 00 00 19 00 00 00 00 00 00 00 c0 1d 1a 00
0x000000052d0504bc:   10 00 00 00 00 00 00 00 00 00 00 00 00 00 00 00
0x000000052d0504cc:   00 00 00 00 00 00 00 00 00 00 00 00 a0 a0 a0 a5
0x000000052d0504dc:   00 00 00 00 00 00 00 00 00 00 00 00 00 00 00 00
0x000000052d0504ec:   00 00 00 00 00 00 00 00 00 00 00 00 00 00 00 00
0x000000052d0504fc:   00 00 00 00 19 00 00 00 00 00 00 00 b0 1f 1a 00
0x000000052d05050c:   76 80 88 53 7b 9d a0 a5 6b b8 10 a0 00 00 00 00
0x000000052d05051c:   00 00 00 00 19 00 00 00 00 00 00 00 b0 26 1a 00
0x000000052d05052c:   f6 73 61 63 44 9d a0 a5 a9 a0 a0 a5 00 00 00 00
0x000000052d05053c:   61 ce af a5 5e d2 ad a5 00 00 00 00 19 00 00 00
0x000000052d05054c:   00 00 00 00 98 e6 0d 00 ab a0 a0 a5 19 00 00 00
0x000000052d05055c:   00 00 00 00 68 ce 08 00 00 00 00 00 00 00 00 00
0x000000052d05056c:   01 00 00 00 01 00 00 00 0c 00 00 00 00 00 40 3f
0x000000052d05057c:   e8 14 ca a0 00 00 00 00 00 00 00 00 19 00 00 00
0x000000052d05058c:   00 00 00 00 c0 1d 1a 00 10 00 00 00 00 00 00 00
0x000000052d05059c:   00 00 00 00 00 00 00 00 00 00 00 00 00 00 00 00
0x000000052d0505ac:   00 00 00 00 f2 14 ca a0 00 00 00 00 00 00 00 00
0x000000052d0505bc:   00 00 00 00 00 00 00 00 00 00 00 00 00 00 00 00
0x000000052d0505cc:   00 00 00 00 00 00 00 00 00 00 00 00 6e 67 20 61
0x000000052d0505dc:   20 6e 75 6c 6c 20 50 65 72 73 69 73 74 65 6e 63
0x000000052d0505ec:   65 55 6e 69 74 52 6f 6f 74 55 72 6c 3a 20 64 69
0x000000052d0505fc:   73 63 6f 76 65 72 79 20 69 6d 70 6f 73 73 69 62
0x000000052d05060c:   6c 65 03 00 00 00 32 01 00 1d 63 6f 6e 74 61 69
0x000000052d05061c:   6e 73 4a 6f 69 6e 46 65 74 63 68 65 64 43 6f 6c
0x000000052d05062c:   6c 65 63 74 69 6f 6e 01 00 3f 49 67 6e 6f 72 69
0x000000052d05063c:   6e 67 20 62 61 67 20 6a 6f 69 6e 20 66 65 74 63
0x000000052d05064c:   68 20 5b 25 73 5d 20 64 75 65 20 74 6f 20 70 72
0x000000052d05065c:   69 6f 72 20 63 6f 6c 6c 65 63 74 69 6f 6e 20 6a
0x000000052d05066c:   6f 69 6e 20 66 65 74 63 68 03 00 00 00 33 01 00 


Stack slot to memory mapping:

stack at sp + 0 slots: 0x000001ff93cb0aa8 points into unknown readable memory: 0x00007ffa81188530 | 30 85 18 81 fa 7f 00 00
stack at sp + 1 slots: 
[error occurred during error reporting (inspecting top of stack), id 0xc0000005, EXCEPTION_ACCESS_VIOLATION (0xc0000005) at pc=0x00007ffa808ed5a1]
stack at sp + 2 slots: 0x0000000000000005 is an unknown value
stack at sp + 3 slots: 0x000001ff93cb0920 points into unknown readable memory: 0x00007ffa81188578 | 78 85 18 81 fa 7f 00 00
stack at sp + 4 slots: 0x000000050650a740 is an oop: [Ljava.util.HashMap$Node; 
{0x000000050650a740} - klass: 'java/util/HashMap$Node'[]
 - length: 16
stack at sp + 5 slots: 0x0000000000000011 is an unknown value
stack at sp + 6 slots: 0x00007ffa80b05e22 jvm.dll
stack at sp + 7 slots: 0x0000000000000011 is an unknown value


---------------  P R O C E S S  ---------------

Threads class SMR info:
_java_thread_list=0x000001ff94ea9730, length=24, elements={
0x000001ff2dcc1060, 0x000001ff4a9ccba0, 0x000001ff4a9cdf70, 0x000001ff4d5b76a0,
0x000001ff4d5b7f60, 0x000001ff4d5bd4a0, 0x000001ff4d5d1520, 0x000001ff4d5de930,
0x000001ff4d65cec0, 0x000001ff4d6bef20, 0x000001ff93180680, 0x000001ff4d9ac3b0,
0x000001ff932133b0, 0x000001ff93213a50, 0x000001ff93449570, 0x000001ff93473de0,
0x000001ff934abca0, 0x000001ff934bb330, 0x000001ff93855000, 0x000001ff93853c50,
0x000001ff938542e0, 0x000001ff93854970, 0x000001ff938563b0, 0x000001ff93859ec0
}

Java Threads: ( => current thread )
  0x000001ff2dcc1060 JavaThread "main"                              [_thread_blocked, id=22428, stack(0x000000f3b2b00000,0x000000f3b2c00000) (1024K)]
  0x000001ff4a9ccba0 JavaThread "Reference Handler"          daemon [_thread_blocked, id=22928, stack(0x000000f3b3300000,0x000000f3b3400000) (1024K)]
  0x000001ff4a9cdf70 JavaThread "Finalizer"                  daemon [_thread_blocked, id=19180, stack(0x000000f3b3400000,0x000000f3b3500000) (1024K)]
  0x000001ff4d5b76a0 JavaThread "Signal Dispatcher"          daemon [_thread_blocked, id=18536, stack(0x000000f3b3500000,0x000000f3b3600000) (1024K)]
  0x000001ff4d5b7f60 JavaThread "Attach Listener"            daemon [_thread_blocked, id=13352, stack(0x000000f3b3600000,0x000000f3b3700000) (1024K)]
  0x000001ff4d5bd4a0 JavaThread "Service Thread"             daemon [_thread_blocked, id=24384, stack(0x000000f3b3700000,0x000000f3b3800000) (1024K)]
  0x000001ff4d5d1520 JavaThread "Monitor Deflation Thread"   daemon [_thread_blocked, id=20780, stack(0x000000f3b3800000,0x000000f3b3900000) (1024K)]
  0x000001ff4d5de930 JavaThread "C1 CompilerThread0"         daemon [_thread_blocked, id=18840, stack(0x000000f3b3900000,0x000000f3b3a00000) (1024K)]
  0x000001ff4d65cec0 JavaThread "Common-Cleaner"             daemon [_thread_blocked, id=20620, stack(0x000000f3b3a00000,0x000000f3b3b00000) (1024K)]
  0x000001ff4d6bef20 JavaThread "C1 CompilerThread1"         daemon [_thread_blocked, id=18292, stack(0x000000f3b3b00000,0x000000f3b3c00000) (1024K)]
  0x000001ff93180680 JavaThread "Monitor Ctrl-Break"         daemon [_thread_in_native, id=12312, stack(0x000000f3b3c00000,0x000000f3b3d00000) (1024K)]
  0x000001ff4d9ac3b0 JavaThread "Notification Thread"        daemon [_thread_blocked, id=22676, stack(0x000000f3b3d00000,0x000000f3b3e00000) (1024K)]
  0x000001ff932133b0 JavaThread "C1 CompilerThread2"         daemon [_thread_blocked, id=21720, stack(0x000000f3b3e00000,0x000000f3b3f00000) (1024K)]
  0x000001ff93213a50 JavaThread "C1 CompilerThread3"         daemon [_thread_blocked, id=20348, stack(0x000000f3b3f00000,0x000000f3b4000000) (1024K)]
  0x000001ff93449570 JavaThread "RMI TCP Accept-0"           daemon [_thread_in_native, id=23432, stack(0x000000f3b4000000,0x000000f3b4100000) (1024K)]
  0x000001ff93473de0 JavaThread "RMI TCP Connection(1)-192.168.1.14" daemon [_thread_in_native, id=15784, stack(0x000000f3b4100000,0x000000f3b4200000) (1024K)]
  0x000001ff934abca0 JavaThread "RMI Scheduler(0)"           daemon [_thread_blocked, id=22048, stack(0x000000f3b4200000,0x000000f3b4300000) (1024K)]
  0x000001ff934bb330 JavaThread "JMX server connection timeout 26" daemon [_thread_blocked, id=17836, stack(0x000000f3b4300000,0x000000f3b4400000) (1024K)]
  0x000001ff93855000 JavaThread "RMI TCP Connection(2)-192.168.1.14" daemon [_thread_blocked, id=16632, stack(0x000000f3b5100000,0x000000f3b5200000) (1024K)]
  0x000001ff93853c50 JavaThread "Catalina-utility-1"                [_thread_blocked, id=21804, stack(0x000000f3b4e00000,0x000000f3b4f00000) (1024K)]
  0x000001ff938542e0 JavaThread "Catalina-utility-2"                [_thread_blocked, id=13044, stack(0x000000f3b5200000,0x000000f3b5300000) (1024K)]
  0x000001ff93854970 JavaThread "container-0"                       [_thread_blocked, id=5820, stack(0x000000f3b5300000,0x000000f3b5400000) (1024K)]
  0x000001ff938563b0 JavaThread "HikariPool-1 housekeeper"   daemon [_thread_blocked, id=20708, stack(0x000000f3b5500000,0x000000f3b5600000) (1024K)]
  0x000001ff93859ec0 JavaThread "HikariPool-1 connection adder" daemon [_thread_blocked, id=12132, stack(0x000000f3b5600000,0x000000f3b5700000) (1024K)]
Total: 24

Other Threads:
  0x000001ff2dc93f50 VMThread "VM Thread"                           [id=19088, stack(0x000000f3b3200000,0x000000f3b3300000) (1024K)]
  0x000001ff4a99fee0 WatcherThread "VM Periodic Task Thread"        [id=18592, stack(0x000000f3b3100000,0x000000f3b3200000) (1024K)]
  0x000001ff2dc93810 WorkerThread "GC Thread#0"                     [id=21912, stack(0x000000f3b2c00000,0x000000f3b2d00000) (1024K)]
=>0x000001ff2dc942f0 WorkerThread "GC Thread#1"                     [id=23936, stack(0x000000f3b4400000,0x000000f3b4500000) (1024K)]
  0x000001ff2dc94690 WorkerThread "GC Thread#2"                     [id=22792, stack(0x000000f3b4500000,0x000000f3b4600000) (1024K)]
  0x000001ff2dc94dd0 WorkerThread "GC Thread#3"                     [id=18132, stack(0x000000f3b4600000,0x000000f3b4700000) (1024K)]
  0x000001ff937c24f0 WorkerThread "GC Thread#4"                     [id=9840, stack(0x000000f3b4700000,0x000000f3b4800000) (1024K)]
  0x000001ff937c2890 WorkerThread "GC Thread#5"                     [id=20960, stack(0x000000f3b4800000,0x000000f3b4900000) (1024K)]
  0x000001ff937c1670 WorkerThread "GC Thread#6"                     [id=24436, stack(0x000000f3b4900000,0x000000f3b4a00000) (1024K)]
  0x000001ff937c1db0 WorkerThread "GC Thread#7"                     [id=14264, stack(0x000000f3b4a00000,0x000000f3b4b00000) (1024K)]
  0x000001ff937c2fd0 WorkerThread "GC Thread#8"                     [id=18172, stack(0x000000f3b4b00000,0x000000f3b4c00000) (1024K)]
  0x000001ff937c2c30 WorkerThread "GC Thread#9"                     [id=12372, stack(0x000000f3b4c00000,0x000000f3b4d00000) (1024K)]
  0x000001ff30069410 ConcurrentGCThread "G1 Main Marker"            [id=17712, stack(0x000000f3b2d00000,0x000000f3b2e00000) (1024K)]
  0x000001ff2dc93bb0 WorkerThread "G1 Conc#0"                       [id=24260, stack(0x000000f3b2e00000,0x000000f3b2f00000) (1024K)]
  0x000001ff937c00b0 WorkerThread "G1 Conc#1"                       [id=17768, stack(0x000000f3b4f00000,0x000000f3b5000000) (1024K)]
  0x000001ff937c07f0 WorkerThread "G1 Conc#2"                       [id=16228, stack(0x000000f3b5000000,0x000000f3b5100000) (1024K)]
  0x000001ff4a873b10 ConcurrentGCThread "G1 Refine#0"               [id=21284, stack(0x000000f3b2f00000,0x000000f3b3000000) (1024K)]
  0x000001ff4a874040 ConcurrentGCThread "G1 Service"                [id=14216, stack(0x000000f3b3000000,0x000000f3b3100000) (1024K)]
Total: 18

Threads with active compile tasks:
Total: 0

VM state: at safepoint (normal execution)

VM Mutex/Monitor currently owned by a thread:  ([mutex/lock_event])
[0x00007ffa813ede98] Threads_lock - owner thread: 0x000001ff2dc93f50
[0x00007ffa813edf98] Heap_lock - owner thread: 0x000001ff2dcc1060

Heap address: 0x0000000500800000, size: 12280 MB, Compressed Oops mode: Zero based, Oop shift amount: 3

CDS archive(s) mapped at: [0x000001ff4e000000-0x000001ff4ec90000-0x000001ff4ec90000), size 13172736, SharedBaseAddress: 0x000001ff4e000000, ArchiveRelocationMode: 1.
Compressed class space mapped at: 0x000001ff4f000000-0x000001ff8f000000, reserved size: 1073741824
Narrow klass base: 0x000001ff4e000000, Narrow klass shift: 0, Narrow klass range: 0x100000000

GC Precious Log:
 CardTable entry size: 512
 Card Set container configuration: InlinePtr #cards 4 size 8 Array Of Cards #cards 64 size 144 Howl #buckets 8 coarsen threshold 14745 Howl Bitmap #cards 2048 size 272 coarsen threshold 1843 Card regions per heap region 1 cards per card region 16384
 CPUs: 12 total, 12 available
 Memory: 49097M
 Large Page Support: Disabled
 NUMA Support: Disabled
 Compressed Oops: Enabled (Zero based)
 Heap Region Size: 8M
 Heap Min Capacity: 8M
 Heap Initial Capacity: 768M
 Heap Max Capacity: 12280M
 Pre-touch: Disabled
 Parallel Workers: 10
 Concurrent Workers: 3
 Concurrent Refinement Workers: 10
 Periodic GC: Disabled

Heap:
 garbage-first heap   total 131072K, used 23478K [0x0000000500800000, 0x0000000800000000)
  region size 8192K, 3 young (24576K), 2 survivors (16384K)
 Metaspace       used 36103K, committed 36736K, reserved 1114112K
  class space    used 4914K, committed 5184K, reserved 1048576K

Heap Regions: E=young(eden), S=young(survivor), O=old, HS=humongous(starts), HC=humongous(continues), CS=collection set, F=free, TAMS=top-at-mark-start, PB=parsable bottom
|   0|0x0000000500800000, 0x0000000501000000, 0x0000000501000000|100%| O|  |TAMS 0x0000000501000000| PB 0x0000000500800000| Untracked 
|   1|0x0000000501000000, 0x0000000501000000, 0x0000000501800000|  0%| F|  |TAMS 0x0000000501000000| PB 0x0000000501000000| Untracked 
|   2|0x0000000501800000, 0x0000000501c85690, 0x0000000502000000| 56%| O|  |TAMS 0x0000000501c85690| PB 0x0000000501800000| Untracked 
|   3|0x0000000502000000, 0x0000000502000000, 0x0000000502800000|  0%| F|  |TAMS 0x0000000502000000| PB 0x0000000502000000| Untracked 
|   4|0x0000000502800000, 0x0000000502800000, 0x0000000503000000|  0%| F|  |TAMS 0x0000000502800000| PB 0x0000000502800000| Untracked 
|   5|0x0000000503000000, 0x0000000503000000, 0x0000000503800000|  0%| F|  |TAMS 0x0000000503000000| PB 0x0000000503000000| Untracked 
|   6|0x0000000503800000, 0x0000000503800000, 0x0000000504000000|  0%| F|  |TAMS 0x0000000503800000| PB 0x0000000503800000| Untracked 
|   7|0x0000000504000000, 0x0000000504000000, 0x0000000504800000|  0%| F|  |TAMS 0x0000000504000000| PB 0x0000000504000000| Untracked 
|   8|0x0000000504800000, 0x0000000504800000, 0x0000000505000000|  0%| F|  |TAMS 0x0000000504800000| PB 0x0000000504800000| Untracked 
|   9|0x0000000505000000, 0x0000000505000000, 0x0000000505800000|  0%| F|  |TAMS 0x0000000505000000| PB 0x0000000505000000| Untracked 
|  10|0x0000000505800000, 0x0000000505800000, 0x0000000506000000|  0%| F|  |TAMS 0x0000000505800000| PB 0x0000000505800000| Untracked 
|  11|0x0000000506000000, 0x0000000506800000, 0x0000000506800000|100%| E|CS|TAMS 0x0000000506000000| PB 0x0000000506000000| Complete 
|  12|0x0000000506800000, 0x0000000506800000, 0x0000000507000000|  0%| F|  |TAMS 0x0000000506800000| PB 0x0000000506800000| Untracked 
|  13|0x0000000507000000, 0x0000000507065220, 0x0000000507800000|  4%| S|  |TAMS 0x0000000507000000| PB 0x0000000507000000| Complete 
|  89|0x000000052d000000, 0x000000052d800000, 0x000000052d800000|100%| S|  |TAMS 0x000000052d000000| PB 0x000000052d000000| Complete 
|  95|0x0000000530000000, 0x0000000530268398, 0x0000000530800000| 30%| E|CS|TAMS 0x0000000530000000| PB 0x0000000530000000| Complete 

Card table byte_map: [0x000001ff3cf80000,0x000001ff3e780000] _byte_map_base: 0x000001ff3a77c000

Marking Bits: (CMBitMap*) 0x000001ff3005c850
 Bits: [0x000001ff3e780000, 0x000001ff4a760000)

Polling page: 0x000001ff2e1a0000

Metaspace:

Usage:
  Non-class:     30.46 MB used.
      Class:      4.80 MB used.
       Both:     35.26 MB used.

Virtual space:
  Non-class space:       64.00 MB reserved,      30.81 MB ( 48%) committed,  1 nodes.
      Class space:        1.00 GB reserved,       5.06 MB ( <1%) committed,  1 nodes.
             Both:        1.06 GB reserved,      35.88 MB (  3%) committed. 

Chunk freelists:
   Non-Class:  1.17 MB
       Class:  10.75 MB
        Both:  11.92 MB

MaxMetaspaceSize: unlimited
CompressedClassSpaceSize: 1.00 GB
Initial GC threshold: 21.00 MB
Current GC threshold: 35.88 MB
CDS: on
 - commit_granule_bytes: 65536.
 - commit_granule_words: 8192.
 - virtual_space_node_default_size: 8388608.
 - enlarge_chunks_in_place: 1.
 - use_allocation_guard: 0.


Internal statistics:

num_allocs_failed_limit: 9.
num_arena_births: 840.
num_arena_deaths: 0.
num_vsnodes_births: 2.
num_vsnodes_deaths: 0.
num_space_committed: 574.
num_space_uncommitted: 0.
num_chunks_returned_to_freelist: 9.
num_chunks_taken_from_freelist: 2119.
num_chunk_merges: 9.
num_chunk_splits: 1449.
num_chunks_enlarged: 1027.
num_inconsistent_stats: 0.

CodeCache: size=49152Kb used=9987Kb max_used=9987Kb free=39164Kb
 bounds [0x000001ff38450000, 0x000001ff38e20000, 0x000001ff3b450000]
 total_blobs=5046 nmethods=4471 adapters=496
 compilation: enabled
              stopped_count=0, restarted_count=0
 full_count=0

Compilation events (20 events):
Event: 2.052 Thread 0x000001ff93213a50 4459       1       java.lang.invoke.MethodType::invokerType (9 bytes)
Event: 2.052 Thread 0x000001ff93213a50 nmethod 4459 0x000001ff38e0d610 code [0x000001ff38e0d7c0, 0x000001ff38e0d8b0]
Event: 2.074 Thread 0x000001ff93213a50 4462       1       jdk.internal.loader.BuiltinClassLoader$1::hasNext (93 bytes)
Event: 2.074 Thread 0x000001ff93213a50 nmethod 4462 0x000001ff38e0e410 code [0x000001ff38e0e620, 0x000001ff38e0ea28]
Event: 2.102 Thread 0x000001ff93213a50 4463       1       java.lang.invoke.Invokers$Holder::invokeExact_MT (23 bytes)
Event: 2.102 Thread 0x000001ff932133b0 4464       1       jdk.internal.reflect.MethodHandleFieldAccessorImpl::isStatic (16 bytes)
Event: 2.102 Thread 0x000001ff4d6bef20 4466       1       java.lang.reflect.Field::checkAccess (32 bytes)
Event: 2.102 Thread 0x000001ff4d5de930 4467       1       java.lang.reflect.Field::getFieldAccessor (18 bytes)
Event: 2.102 Thread 0x000001ff932133b0 nmethod 4464 0x000001ff38e0ef90 code [0x000001ff38e0f120, 0x000001ff38e0f200]
Event: 2.102 Thread 0x000001ff4d5de930 nmethod 4467 0x000001ff38e0f290 code [0x000001ff38e0f440, 0x000001ff38e0f538]
Event: 2.102 Thread 0x000001ff93213a50 nmethod 4463 0x000001ff38e0f610 code [0x000001ff38e0f7e0, 0x000001ff38e0f9c8]
Event: 2.102 Thread 0x000001ff4d6bef20 nmethod 4466 0x000001ff38e0fb90 code [0x000001ff38e0fd40, 0x000001ff38e0fe80]
Event: 2.103 Thread 0x000001ff4d6bef20 4468       1       java.lang.Object::<init> (1 bytes)
Event: 2.103 Thread 0x000001ff4d6bef20 nmethod 4468 0x000001ff38e0ff10 code [0x000001ff38e100a0, 0x000001ff38e10178]
Event: 2.103 Thread 0x000001ff4d6bef20 4469       1       java.lang.ThreadLocal::set (26 bytes)
Event: 2.103 Thread 0x000001ff4d6bef20 nmethod 4469 0x000001ff38e10210 code [0x000001ff38e103e0, 0x000001ff38e10590]
Event: 2.103 Thread 0x000001ff4d6bef20 4470       1       java.util.ServiceLoader$3::checkReloadCount (23 bytes)
Event: 2.103 Thread 0x000001ff4d6bef20 nmethod 4470 0x000001ff38e10690 code [0x000001ff38e10840, 0x000001ff38e109c8]
Event: 2.105 Thread 0x000001ff4d6bef20 4471       1       java.util.Collections$EmptyEnumeration::hasMoreElements (2 bytes)
Event: 2.105 Thread 0x000001ff4d6bef20 nmethod 4471 0x000001ff38e10a90 code [0x000001ff38e10c20, 0x000001ff38e10ce8]

GC Heap History (11 events):
Event: 0.564 GC heap before
{Heap before GC invocations=0 (full 0):
 garbage-first heap   total 786432K, used 32768K [0x0000000500800000, 0x0000000800000000)
  region size 8192K, 4 young (32768K), 0 survivors (0K)
 Metaspace       used 8226K, committed 8576K, reserved 1114112K
  class space    used 1026K, committed 1152K, reserved 1048576K
}
Event: 0.570 GC heap after
{Heap after GC invocations=1 (full 0):
 garbage-first heap   total 786432K, used 8496K [0x0000000500800000, 0x0000000800000000)
  region size 8192K, 1 young (8192K), 1 survivors (8192K)
 Metaspace       used 8226K, committed 8576K, reserved 1114112K
  class space    used 1026K, committed 1152K, reserved 1048576K
}
Event: 0.827 GC heap before
{Heap before GC invocations=1 (full 0):
 garbage-first heap   total 786432K, used 33072K [0x0000000500800000, 0x0000000800000000)
  region size 8192K, 4 young (32768K), 1 survivors (8192K)
 Metaspace       used 13486K, committed 13888K, reserved 1114112K
  class space    used 1806K, committed 1984K, reserved 1048576K
}
Event: 0.831 GC heap after
{Heap after GC invocations=2 (full 0):
 garbage-first heap   total 786432K, used 10604K [0x0000000500800000, 0x0000000800000000)
  region size 8192K, 1 young (8192K), 1 survivors (8192K)
 Metaspace       used 13486K, committed 13888K, reserved 1114112K
  class space    used 1806K, committed 1984K, reserved 1048576K
}
Event: 1.073 GC heap before
{Heap before GC invocations=2 (full 0):
 garbage-first heap   total 786432K, used 43372K [0x0000000500800000, 0x0000000800000000)
  region size 8192K, 6 young (49152K), 1 survivors (8192K)
 Metaspace       used 21186K, committed 21504K, reserved 1114112K
  class space    used 2802K, committed 2944K, reserved 1048576K
}
Event: 1.077 GC heap after
{Heap after GC invocations=3 (full 0):
 garbage-first heap   total 786432K, used 13656K [0x0000000500800000, 0x0000000800000000)
  region size 8192K, 1 young (8192K), 1 survivors (8192K)
 Metaspace       used 21186K, committed 21504K, reserved 1114112K
  class space    used 2802K, committed 2944K, reserved 1048576K
}
Event: 1.959 GC heap before
{Heap before GC invocations=4 (full 0):
 garbage-first heap   total 114688K, used 103768K [0x0000000500800000, 0x0000000800000000)
  region size 8192K, 12 young (98304K), 1 survivors (8192K)
 Metaspace       used 33206K, committed 33728K, reserved 1114112K
  class space    used 4562K, committed 4800K, reserved 1048576K
}
Event: 1.966 GC heap after
{Heap after GC invocations=5 (full 0):
 garbage-first heap   total 131072K, used 20886K [0x0000000500800000, 0x0000000800000000)
  region size 8192K, 2 young (16384K), 2 survivors (16384K)
 Metaspace       used 33206K, committed 33728K, reserved 1114112K
  class space    used 4562K, committed 4800K, reserved 1048576K
}
Event: 2.089 GC heap before
{Heap before GC invocations=5 (full 0):
 garbage-first heap   total 131072K, used 29078K [0x0000000500800000, 0x0000000800000000)
  region size 8192K, 4 young (32768K), 2 survivors (16384K)
 Metaspace       used 35799K, committed 36416K, reserved 1114112K
  class space    used 4873K, committed 5184K, reserved 1048576K
}
Event: 2.094 GC heap after
{Heap after GC invocations=6 (full 0):
 garbage-first heap   total 131072K, used 21013K [0x0000000500800000, 0x0000000800000000)
  region size 8192K, 1 young (8192K), 1 survivors (8192K)
 Metaspace       used 35799K, committed 36416K, reserved 1114112K
  class space    used 4873K, committed 5184K, reserved 1048576K
}
Event: 2.110 GC heap before
{Heap before GC invocations=6 (full 0):
 garbage-first heap   total 131072K, used 21013K [0x0000000500800000, 0x0000000800000000)
  region size 8192K, 2 young (16384K), 1 survivors (8192K)
 Metaspace       used 36103K, committed 36736K, reserved 1114112K
  class space    used 4914K, committed 5184K, reserved 1048576K
}

Dll operation events (11 events):
Event: 0.008 Loaded shared library C:\Program Files\Java\jdk-21.0.6\bin\java.dll
Event: 0.110 Loaded shared library C:\Program Files\Java\jdk-21.0.6\bin\zip.dll
Event: 0.112 Loaded shared library C:\Program Files\Java\jdk-21.0.6\bin\instrument.dll
Event: 0.116 Loaded shared library C:\Program Files\Java\jdk-21.0.6\bin\net.dll
Event: 0.117 Loaded shared library C:\Program Files\Java\jdk-21.0.6\bin\nio.dll
Event: 0.119 Loaded shared library C:\Program Files\Java\jdk-21.0.6\bin\zip.dll
Event: 0.190 Loaded shared library C:\Program Files\Java\jdk-21.0.6\bin\jimage.dll
Event: 0.194 Loaded shared library C:\Program Files\Java\jdk-21.0.6\bin\extnet.dll
Event: 0.205 Loaded shared library C:\Program Files\Java\jdk-21.0.6\bin\management.dll
Event: 0.211 Loaded shared library C:\Program Files\Java\jdk-21.0.6\bin\management_ext.dll
Event: 1.145 Loaded shared library C:\Program Files\Java\jdk-21.0.6\bin\sunmscapi.dll

Deoptimization events (2 events):
Event: 0.982 Thread 0x000001ff2dcc1060 DEOPT PACKING pc=0x000001ff38ae126c sp=0x000000f3b2bfe300
Event: 0.982 Thread 0x000001ff2dcc1060 DEOPT UNPACKING pc=0x000001ff384a4e42 sp=0x000000f3b2bfd810 mode 0

Classes loaded (20 events):
Event: 1.988 Loading class jdk/internal/icu/impl/Norm2AllModes$ComposeNormalizer2
Event: 1.988 Loading class jdk/internal/icu/impl/Norm2AllModes$Normalizer2WithImpl
Event: 1.989 Loading class jdk/internal/icu/impl/Norm2AllModes$Normalizer2WithImpl done
Event: 1.989 Loading class jdk/internal/icu/impl/Norm2AllModes$ComposeNormalizer2 done
Event: 1.989 Loading class jdk/internal/icu/impl/Norm2AllModes$DecomposeNormalizer2
Event: 1.989 Loading class jdk/internal/icu/impl/Norm2AllModes$DecomposeNormalizer2 done
Event: 1.989 Loading class java/util/regex/Pattern$NFCCharProperty
Event: 1.989 Loading class java/util/regex/Pattern$NFCCharProperty done
Event: 1.992 Loading class java/util/concurrent/ThreadPoolExecutor$CallerRunsPolicy
Event: 1.992 Loading class java/util/concurrent/ThreadPoolExecutor$CallerRunsPolicy done
Event: 1.993 Loading class java/util/concurrent/atomic/AtomicReferenceFieldUpdater
Event: 1.993 Loading class java/util/concurrent/atomic/AtomicReferenceFieldUpdater done
Event: 1.993 Loading class java/util/concurrent/atomic/AtomicReferenceFieldUpdater$AtomicReferenceFieldUpdaterImpl
Event: 1.993 Loading class java/util/concurrent/atomic/AtomicReferenceFieldUpdater$AtomicReferenceFieldUpdaterImpl done
Event: 1.993 Loading class java/util/concurrent/atomic/AtomicReferenceFieldUpdater$AtomicReferenceFieldUpdaterImpl$1
Event: 1.993 Loading class java/util/concurrent/atomic/AtomicReferenceFieldUpdater$AtomicReferenceFieldUpdaterImpl$1 done
Event: 2.022 Loading class javax/naming/Referenceable
Event: 2.022 Loading class javax/naming/Referenceable done
Event: 2.039 Loading class java/lang/instrument/ClassFileTransformer
Event: 2.039 Loading class java/lang/instrument/ClassFileTransformer done

Classes unloaded (0 events):
No events

Classes redefined (0 events):
No events

Internal exceptions (20 events):
Event: 1.649 Thread 0x000001ff2dcc1060 Exception <a 'java/lang/NoSuchMethodError'{0x00000005032da690}: 'void java.lang.invoke.Invokers$Holder.invokeExact_MT(java.lang.Object, java.lang.Object, java.lang.Object, java.lang.Object)'> (0x00000005032da690) 
thrown [s\open\src\hotspot\share\interpreter\linkResolver.cpp, line 773]
Event: 1.654 Thread 0x000001ff2dcc1060 Exception <a 'java/lang/NoSuchMethodError'{0x0000000503327890}: 'java.lang.Object java.lang.invoke.DirectMethodHandle$Holder.invokeVirtual(java.lang.Object, java.lang.Object, java.lang.Object, java.lang.Object, java.lang.Object)'> (0x0000000503327890) 
thrown [s\open\src\hotspot\share\interpreter\linkResolver.cpp, line 773]
Event: 1.689 Thread 0x000001ff2dcc1060 Exception <a 'java/lang/NoSuchMethodError'{0x000000050368dea8}: 'java.lang.Object java.lang.invoke.DirectMethodHandle$Holder.invokeVirtual(java.lang.Object, java.lang.Object, java.lang.Object, java.lang.Object, java.lang.Object, java.lang.Object)'> (0x000000050368dea8) 
thrown [s\open\src\hotspot\share\interpreter\linkResolver.cpp, line 773]
Event: 1.703 Thread 0x000001ff2dcc1060 Exception <a 'java/lang/NoSuchMethodError'{0x00000005037bd6f8}: 'void java.lang.invoke.DirectMethodHandle$Holder.invokeInterface(java.lang.Object, java.lang.Object, int)'> (0x00000005037bd6f8) 
thrown [s\open\src\hotspot\share\interpreter\linkResolver.cpp, line 773]
Event: 1.705 Thread 0x000001ff2dcc1060 Exception <a 'java/lang/IncompatibleClassChangeError'{0x00000005037ffb20}: Found class java.lang.Object, but interface was expected> (0x00000005037ffb20) 
thrown [s\open\src\hotspot\share\interpreter\linkResolver.cpp, line 840]
Event: 1.706 Thread 0x000001ff2dcc1060 Exception <a 'java/lang/NoSuchMethodError'{0x000000050281d4e0}: 'void java.lang.invoke.DirectMethodHandle$Holder.invokeStatic(java.lang.Object, int, java.lang.Object)'> (0x000000050281d4e0) 
thrown [s\open\src\hotspot\share\interpreter\linkResolver.cpp, line 773]
Event: 1.709 Thread 0x000001ff2dcc1060 Exception <a 'java/lang/NoSuchMethodError'{0x0000000502853ed8}: 'void java.lang.invoke.DirectMethodHandle$Holder.invokeStatic(java.lang.Object, java.lang.Object, java.lang.Object, int, java.lang.Object)'> (0x0000000502853ed8) 
thrown [s\open\src\hotspot\share\interpreter\linkResolver.cpp, line 773]
Event: 1.709 Thread 0x000001ff2dcc1060 Exception <a 'java/lang/NoSuchMethodError'{0x000000050285a6b0}: 'java.lang.Object java.lang.invoke.DirectMethodHandle$Holder.newInvokeSpecial(java.lang.Object, java.lang.Object, java.lang.Object, int)'> (0x000000050285a6b0) 
thrown [s\open\src\hotspot\share\interpreter\linkResolver.cpp, line 773]
Event: 1.709 Thread 0x000001ff2dcc1060 Exception <a 'java/lang/NoSuchMethodError'{0x000000050285e4b0}: 'java.lang.Object java.lang.invoke.DirectMethodHandle$Holder.invokeSpecial(java.lang.Object, java.lang.Object, java.lang.Object, java.lang.Object, int)'> (0x000000050285e4b0) 
thrown [s\open\src\hotspot\share\interpreter\linkResolver.cpp, line 773]
Event: 1.709 Thread 0x000001ff2dcc1060 Exception <a 'java/lang/NoSuchMethodError'{0x0000000502861948}: 'java.lang.Object java.lang.invoke.Invokers$Holder.linkToTargetMethod(java.lang.Object, java.lang.Object, int, java.lang.Object)'> (0x0000000502861948) 
thrown [s\open\src\hotspot\share\interpreter\linkResolver.cpp, line 773]
Event: 1.794 Thread 0x000001ff2dcc1060 Exception <a 'java/lang/NoSuchMethodError'{0x0000000502091958}: 'int java.lang.invoke.DirectMethodHandle$Holder.invokeVirtual(java.lang.Object, java.lang.Object, java.lang.Object, java.lang.Object)'> (0x0000000502091958) 
thrown [s\open\src\hotspot\share\interpreter\linkResolver.cpp, line 773]
Event: 1.794 Thread 0x000001ff2dcc1060 Exception <a 'java/lang/NoSuchMethodError'{0x00000005020951e8}: 'int java.lang.invoke.DelegatingMethodHandle$Holder.reinvoke_L(java.lang.Object, java.lang.Object, java.lang.Object, java.lang.Object)'> (0x00000005020951e8) 
thrown [s\open\src\hotspot\share\interpreter\linkResolver.cpp, line 773]
Event: 1.839 Thread 0x000001ff2dcc1060 Exception <a 'java/io/FileNotFoundException'{0x00000005022da190}> (0x00000005022da190) 
thrown [s\open\src\hotspot\share\prims\jni.cpp, line 520]
Event: 1.857 Thread 0x000001ff2dcc1060 Exception <a 'java/lang/NoSuchMethodError'{0x00000005024a3eb0}: 'int java.lang.invoke.DirectMethodHandle$Holder.invokeInterface(java.lang.Object, java.lang.Object, java.lang.Object, java.lang.Object)'> (0x00000005024a3eb0) 
thrown [s\open\src\hotspot\share\interpreter\linkResolver.cpp, line 773]
Event: 1.882 Thread 0x000001ff2dcc1060 Exception <a 'java/lang/NoSuchMethodError'{0x00000005026d2e10}: 'long java.lang.invoke.DirectMethodHandle$Holder.invokeVirtual(java.lang.Object, java.lang.Object)'> (0x00000005026d2e10) 
thrown [s\open\src\hotspot\share\interpreter\linkResolver.cpp, line 773]
Event: 1.934 Thread 0x000001ff2dcc1060 Exception <a 'java/lang/NoSuchMethodError'{0x0000000501d78490}: 'int java.lang.invoke.Invokers$Holder.invokeExact_MT(java.lang.Object, java.lang.Object, java.lang.Object)'> (0x0000000501d78490) 
thrown [s\open\src\hotspot\share\interpreter\linkResolver.cpp, line 773]
Event: 1.971 Thread 0x000001ff2dcc1060 Exception <a 'java/lang/NoSuchMethodError'{0x000000053004b4d8}: 'java.lang.Object java.lang.invoke.DirectMethodHandle$Holder.newInvokeSpecial(java.lang.Object, java.lang.Object, java.lang.Object, java.lang.Object, int)'> (0x000000053004b4d8) 
thrown [s\open\src\hotspot\share\interpreter\linkResolver.cpp, line 773]
Event: 2.002 Thread 0x000001ff2dcc1060 Exception <a 'java/lang/NoSuchMethodError'{0x000000053020ffc8}: 'java.lang.Object java.lang.invoke.DirectMethodHandle$Holder.invokeStaticInit(java.lang.Object, java.lang.Object, java.lang.Object, java.lang.Object)'> (0x000000053020ffc8) 
thrown [s\open\src\hotspot\share\interpreter\linkResolver.cpp, line 773]
Event: 2.012 Thread 0x000001ff2dcc1060 Exception <a 'java/lang/NoSuchMethodError'{0x000000053049eb68}: 'java.lang.Object java.lang.invoke.DirectMethodHandle$Holder.newInvokeSpecial(java.lang.Object, java.lang.Object, java.lang.Object, java.lang.Object, java.lang.Object, java.lang.Object, java.lang.Object, java.lang.Object, java.lang.Object, java.lang.Object, java.lang.Object)'> (0x000000053049eb68) 
thrown [s\open\src\hotspot\share\interpreter\linkResolver.cpp, line 773]
Event: 2.053 Thread 0x000001ff2dcc1060 Exception <a 'java/lang/NoSuchMethodError'{0x000000052d0d5948}: 'void java.lang.invoke.DelegatingMethodHandle$Holder.reinvoke_L(java.lang.Object, java.lang.Object, java.lang.Object, java.lang.Object, int, java.lang.Object, java.lang.Object, java.lang.Object)'> (0x000000052d0d5948) 
thrown [s\open\src\hotspot\share\interpreter\linkResolver.cpp, line 773]

ZGC Phase Switch (0 events):
No events

VM Operations (20 events):
Event: 1.834 Executing VM operation: HandshakeAllThreads (Deoptimize) done
Event: 1.867 Executing VM operation: HandshakeAllThreads (Deoptimize)
Event: 1.867 Executing VM operation: HandshakeAllThreads (Deoptimize) done
Event: 1.867 Executing VM operation: HandshakeAllThreads (Deoptimize)
Event: 1.867 Executing VM operation: HandshakeAllThreads (Deoptimize) done
Event: 1.886 Executing VM operation: HandshakeAllThreads (Deoptimize)
Event: 1.886 Executing VM operation: HandshakeAllThreads (Deoptimize) done
Event: 1.924 Executing VM operation: ICBufferFull
Event: 1.924 Executing VM operation: ICBufferFull done
Event: 1.959 Executing VM operation: G1CollectForAllocation (G1 Evacuation Pause)
Event: 1.966 Executing VM operation: G1CollectForAllocation (G1 Evacuation Pause) done
Event: 1.988 Executing VM operation: HandshakeAllThreads (Deoptimize)
Event: 1.988 Executing VM operation: HandshakeAllThreads (Deoptimize) done
Event: 2.010 Executing VM operation: HandshakeAllThreads (Deoptimize)
Event: 2.010 Executing VM operation: HandshakeAllThreads (Deoptimize) done
Event: 2.084 Executing VM operation: HandshakeAllThreads (Deoptimize)
Event: 2.084 Executing VM operation: HandshakeAllThreads (Deoptimize) done
Event: 2.089 Executing VM operation: CollectForMetadataAllocation (Metadata GC Threshold)
Event: 2.094 Executing VM operation: CollectForMetadataAllocation (Metadata GC Threshold) done
Event: 2.110 Executing VM operation: CollectForMetadataAllocation (Metadata GC Threshold)

Events (20 events):
Event: 0.301 Thread 0x000001ff932133b0 Thread added: 0x000001ff932133b0
Event: 0.301 Thread 0x000001ff93213a50 Thread added: 0x000001ff93213a50
Event: 0.392 Thread 0x000001ff93449570 Thread added: 0x000001ff93449570
Event: 0.404 Thread 0x000001ff93473de0 Thread added: 0x000001ff93473de0
Event: 0.418 Thread 0x000001ff934abca0 Thread added: 0x000001ff934abca0
Event: 0.424 Thread 0x000001ff934bb330 Thread added: 0x000001ff934bb330
Event: 0.781 Thread 0x000001ff93856a40 Thread added: 0x000001ff93856a40
Event: 1.045 Thread 0x000001ff938535c0 Thread added: 0x000001ff938535c0
Event: 1.060 Thread 0x000001ff938535c0 Thread exited: 0x000001ff938535c0
Event: 1.134 Thread 0x000001ff93855000 Thread added: 0x000001ff93855000
Event: 1.135 Thread 0x000001ff938535c0 Thread added: 0x000001ff938535c0
Event: 1.146 Thread 0x000001ff938535c0 Thread exited: 0x000001ff938535c0
Event: 1.148 Thread 0x000001ff93856a40 Thread exited: 0x000001ff93856a40
Event: 1.649 Thread 0x000001ff93853c50 Thread added: 0x000001ff93853c50
Event: 1.652 Thread 0x000001ff93853c50 Thread exited: 0x000001ff93853c50
Event: 1.888 Thread 0x000001ff93853c50 Thread added: 0x000001ff93853c50
Event: 1.889 Thread 0x000001ff938542e0 Thread added: 0x000001ff938542e0
Event: 1.891 Thread 0x000001ff93854970 Thread added: 0x000001ff93854970
Event: 1.992 Thread 0x000001ff938563b0 Thread added: 0x000001ff938563b0
Event: 2.102 Thread 0x000001ff93859ec0 Thread added: 0x000001ff93859ec0


Dynamic libraries:
0x00007ff7ba270000 - 0x00007ff7ba280000 	C:\Program Files\Java\jdk-21.0.6\bin\java.exe
0x00007ffb285c0000 - 0x00007ffb28827000 	C:\WINDOWS\SYSTEM32\ntdll.dll
0x00007ffb264c0000 - 0x00007ffb26589000 	C:\WINDOWS\System32\KERNEL32.DLL
0x00007ffb25d40000 - 0x00007ffb26130000 	C:\WINDOWS\System32\KERNELBASE.dll
0x00007ffb25bc0000 - 0x00007ffb25d0b000 	C:\WINDOWS\System32\ucrtbase.dll
0x00007ffb1a010000 - 0x00007ffb1a02b000 	C:\Program Files\Java\jdk-21.0.6\bin\VCRUNTIME140.dll
0x00007ffb19ff0000 - 0x00007ffb1a009000 	C:\Program Files\Java\jdk-21.0.6\bin\jli.dll
0x00007ffb26930000 - 0x00007ffb269e4000 	C:\WINDOWS\System32\ADVAPI32.dll
0x00007ffb284d0000 - 0x00007ffb28579000 	C:\WINDOWS\System32\msvcrt.dll
0x00007ffb26760000 - 0x00007ffb26806000 	C:\WINDOWS\System32\sechost.dll
0x00007ffb26810000 - 0x00007ffb26928000 	C:\WINDOWS\System32\RPCRT4.dll
0x00007ffb26590000 - 0x00007ffb26755000 	C:\WINDOWS\System32\USER32.dll
0x00007ffb1bd60000 - 0x00007ffb1bffa000 	C:\WINDOWS\WinSxS\amd64_microsoft.windows.common-controls_6595b64144ccf1df_6.0.26100.4768_none_3e0c112ce331287c\COMCTL32.dll
0x00007ffb25d10000 - 0x00007ffb25d37000 	C:\WINDOWS\System32\win32u.dll
0x00007ffb26480000 - 0x00007ffb264ab000 	C:\WINDOWS\System32\GDI32.dll
0x00007ffb25860000 - 0x00007ffb25998000 	C:\WINDOWS\System32\gdi32full.dll
0x00007ffb256f0000 - 0x00007ffb25793000 	C:\WINDOWS\System32\msvcp_win.dll
0x00007ffb1e920000 - 0x00007ffb1e92b000 	C:\WINDOWS\SYSTEM32\VERSION.dll
0x00007ffb27140000 - 0x00007ffb2716f000 	C:\WINDOWS\System32\IMM32.DLL
0x00007ffb19fe0000 - 0x00007ffb19fec000 	C:\Program Files\Java\jdk-21.0.6\bin\vcruntime140_1.dll
0x00007ffb19f50000 - 0x00007ffb19fde000 	C:\Program Files\Java\jdk-21.0.6\bin\msvcp140.dll
0x00007ffa807b0000 - 0x00007ffa814ca000 	C:\Program Files\Java\jdk-21.0.6\bin\server\jvm.dll
0x00007ffb278c0000 - 0x00007ffb27934000 	C:\WINDOWS\System32\WS2_32.dll
0x00007ffb242f0000 - 0x00007ffb2434e000 	C:\WINDOWS\SYSTEM32\POWRPROF.dll
0x00007ffb1c000000 - 0x00007ffb1c035000 	C:\WINDOWS\SYSTEM32\WINMM.dll
0x00007ffb242d0000 - 0x00007ffb242e4000 	C:\WINDOWS\SYSTEM32\UMPDC.dll
0x00007ffb24590000 - 0x00007ffb245ab000 	C:\WINDOWS\SYSTEM32\kernel.appcore.dll
0x00007ffb19f40000 - 0x00007ffb19f4a000 	C:\Program Files\Java\jdk-21.0.6\bin\jimage.dll
0x00007ffb1c050000 - 0x00007ffb1c291000 	C:\WINDOWS\SYSTEM32\DBGHELP.DLL
0x00007ffb26bb0000 - 0x00007ffb26f35000 	C:\WINDOWS\System32\combase.dll
0x00007ffb282e0000 - 0x00007ffb283c0000 	C:\WINDOWS\System32\OLEAUT32.dll
0x00007ffb1e5f0000 - 0x00007ffb1e633000 	C:\WINDOWS\SYSTEM32\dbgcore.DLL
0x00007ffb259a0000 - 0x00007ffb25a39000 	C:\WINDOWS\System32\bcryptPrimitives.dll
0x00007ffb04840000 - 0x00007ffb0484f000 	C:\Program Files\Java\jdk-21.0.6\bin\instrument.dll
0x00007ffb19f20000 - 0x00007ffb19f3f000 	C:\Program Files\Java\jdk-21.0.6\bin\java.dll
0x00007ffb27b30000 - 0x00007ffb2827d000 	C:\WINDOWS\System32\SHELL32.dll
0x00007ffb261d0000 - 0x00007ffb26343000 	C:\WINDOWS\System32\wintypes.dll
0x00007ffb23310000 - 0x00007ffb23b6f000 	C:\WINDOWS\SYSTEM32\windows.storage.dll
0x00007ffb283d0000 - 0x00007ffb284c5000 	C:\WINDOWS\System32\SHCORE.dll
0x00007ffb27850000 - 0x00007ffb278ba000 	C:\WINDOWS\System32\shlwapi.dll
0x00007ffb25610000 - 0x00007ffb25639000 	C:\WINDOWS\SYSTEM32\profapi.dll
0x00007ffb04910000 - 0x00007ffb04928000 	C:\Program Files\Java\jdk-21.0.6\bin\zip.dll
0x00007ffb19f10000 - 0x00007ffb19f20000 	C:\Program Files\Java\jdk-21.0.6\bin\net.dll
0x00007ffb1fa60000 - 0x00007ffb1fb7e000 	C:\WINDOWS\SYSTEM32\WINHTTP.dll
0x00007ffb24b20000 - 0x00007ffb24b8b000 	C:\WINDOWS\system32\mswsock.dll
0x00007ffb04930000 - 0x00007ffb04946000 	C:\Program Files\Java\jdk-21.0.6\bin\nio.dll
0x00007ffb18240000 - 0x00007ffb18249000 	C:\Program Files\Java\jdk-21.0.6\bin\extnet.dll
0x00007ffb23e80000 - 0x00007ffb23fa6000 	C:\WINDOWS\SYSTEM32\DNSAPI.dll
0x00007ffb23e40000 - 0x00007ffb23e73000 	C:\WINDOWS\SYSTEM32\IPHLPAPI.DLL
0x00007ffb26ba0000 - 0x00007ffb26baa000 	C:\WINDOWS\System32\NSI.dll
0x00007ffb1ef10000 - 0x00007ffb1ef1b000 	C:\Windows\System32\rasadhlp.dll
0x00007ffb1edd0000 - 0x00007ffb1ee56000 	C:\WINDOWS\System32\fwpuclnt.dll
0x00007ffb04900000 - 0x00007ffb0490a000 	C:\Program Files\Java\jdk-21.0.6\bin\management.dll
0x00007ffb04850000 - 0x00007ffb0485b000 	C:\Program Files\Java\jdk-21.0.6\bin\management_ext.dll
0x00007ffb26f40000 - 0x00007ffb26f48000 	C:\WINDOWS\System32\PSAPI.DLL
0x00007ffb24de0000 - 0x00007ffb24dfb000 	C:\WINDOWS\SYSTEM32\CRYPTSP.dll
0x00007ffb244f0000 - 0x00007ffb2452b000 	C:\WINDOWS\system32\rsaenh.dll
0x00007ffb24bc0000 - 0x00007ffb24beb000 	C:\WINDOWS\SYSTEM32\USERENV.dll
0x00007ffb255e0000 - 0x00007ffb25606000 	C:\WINDOWS\SYSTEM32\bcrypt.dll
0x00007ffb24e00000 - 0x00007ffb24e0c000 	C:\WINDOWS\SYSTEM32\CRYPTBASE.dll
0x00007ffaf0b10000 - 0x00007ffaf0b28000 	C:\WINDOWS\system32\napinsp.dll
0x00007ffaf0e70000 - 0x00007ffaf0e82000 	C:\WINDOWS\System32\winrnr.dll
0x00007ffaf0e30000 - 0x00007ffaf0e60000 	C:\WINDOWS\system32\nlansp_c.dll
0x00007ffafa6d0000 - 0x00007ffafa6f0000 	C:\WINDOWS\system32\wshbth.dll
0x00007ffb170b0000 - 0x00007ffb170fe000 	C:\WINDOWS\SYSTEM32\pdh.dll
0x00007ffafba70000 - 0x00007ffafba95000 	C:\WINDOWS\system32\netfxperf.dll
0x00007ffb04c00000 - 0x00007ffb04c6d000 	C:\WINDOWS\system32\mscoree.dll
0x00007ffb04b60000 - 0x00007ffb04bfb000 	C:\Windows\Microsoft.NET\Framework64\v4.0.30319\mscoreei.dll
0x00007ffb04b10000 - 0x00007ffb04b52000 	C:\Windows\Microsoft.NET\Framework64\v4.0.30319\perfcounter.dll
0x00007ffad6b30000 - 0x00007ffad6b55000 	C:\Windows\Microsoft.NET\Framework64\v4.0.30319\CorperfmonExt.dll
0x00007ffad7070000 - 0x00007ffad713d000 	C:\WINDOWS\SYSTEM32\ucrtbase_clr0400.dll
0x00007ffb227b0000 - 0x00007ffb227c6000 	C:\WINDOWS\SYSTEM32\WTSAPI32.dll
0x00007ffad89d0000 - 0x00007ffad89eb000 	C:\WINDOWS\SYSTEM32\VCRUNTIME140_CLR0400.dll
0x00007ffada740000 - 0x00007ffada74c000 	C:\WINDOWS\SYSTEM32\VCRUNTIME140_1_CLR0400.dll
0x00007ffb19f00000 - 0x00007ffb19f0e000 	C:\Program Files\Java\jdk-21.0.6\bin\sunmscapi.dll
0x00007ffb25a40000 - 0x00007ffb25bb7000 	C:\WINDOWS\System32\CRYPT32.dll
0x00007ffb25000000 - 0x00007ffb25030000 	C:\WINDOWS\SYSTEM32\ncrypt.dll
0x00007ffb24fb0000 - 0x00007ffb24fef000 	C:\WINDOWS\SYSTEM32\NTASN1.dll
0x00007ffae1380000 - 0x00007ffae1396000 	C:\Windows\System32\perfts.dll
0x00007ffb23fb0000 - 0x00007ffb2401a000 	C:\Windows\System32\WINSTA.dll
0x00007ffad6b10000 - 0x00007ffad6b2a000 	C:\Windows\System32\UTILDLL.dll
0x00007ffb181c0000 - 0x00007ffb18237000 	C:\Windows\System32\tdh.dll
0x00007ffb24020000 - 0x00007ffb2403b000 	C:\Windows\System32\samcli.dll
0x00007ffb24070000 - 0x00007ffb2407d000 	C:\Windows\System32\netutils.dll
0x00007ffb1e2f0000 - 0x00007ffb1e3e8000 	C:\WINDOWS\system32\sysmain.dll
0x00007ffb25390000 - 0x00007ffb253e7000 	C:\WINDOWS\SYSTEM32\cfgmgr32.dll
0x00007ffb22a60000 - 0x00007ffb22a72000 	C:\WINDOWS\SYSTEM32\pfclient.dll
0x00007ffb04aa0000 - 0x00007ffb04aab000 	C:\Windows\System32\rasctrs.dll
0x00007ffad6290000 - 0x00007ffad62c8000 	C:\WINDOWS\SYSTEM32\rasman.dll
0x00007ffaff620000 - 0x00007ffaff629000 	C:\WINDOWS\System32\tapiperf.dll

dbghelp: loaded successfully - version: 4.0.5 - missing functions: none
symbol engine: initialized successfully - sym options: 0x614 - pdb path: .;C:\Program Files\Java\jdk-21.0.6\bin;C:\WINDOWS\SYSTEM32;C:\WINDOWS\WinSxS\amd64_microsoft.windows.common-controls_6595b64144ccf1df_6.0.26100.4768_none_3e0c112ce331287c;C:\Program Files\Java\jdk-21.0.6\bin\server;C:\Windows\Microsoft.NET\Framework64\v4.0.30319

VM Arguments:
jvm_args: -XX:TieredStopAtLevel=1 -Dspring.output.ansi.enabled=always -Dcom.sun.management.jmxremote -Dspring.jmx.enabled=true -Dspring.liveBeansView.mbeanDomain -Dspring.application.admin.enabled=true -Dmanagement.endpoints.jmx.exposure.include=* -javaagent:C:\Program Files\JetBrains\IntelliJ IDEA 2024.3.2.2\lib\idea_rt.jar=50497 -Dfile.encoding=UTF-8 -Dsun.stdout.encoding=UTF-8 -Dsun.stderr.encoding=UTF-8 
java_command: fr.meya.witcher.WitcherToolkitBackApplication
java_class_path (initial): E:\workspace-spring\witcher-toolkit-back\target\classes;C:\Users\Mélody\.m2\repository\org\springframework\boot\spring-boot-starter-web\3.4.0\spring-boot-starter-web-3.4.0.jar;C:\Users\Mélody\.m2\repository\org\springframework\boot\spring-boot-starter\3.4.0\spring-boot-starter-3.4.0.jar;C:\Users\Mélody\.m2\repository\org\springframework\boot\spring-boot\3.4.0\spring-boot-3.4.0.jar;C:\Users\Mélody\.m2\repository\org\springframework\boot\spring-boot-autoconfigure\3.4.0\spring-boot-autoconfigure-3.4.0.jar;C:\Users\Mélody\.m2\repository\org\springframework\boot\spring-boot-starter-logging\3.4.0\spring-boot-starter-logging-3.4.0.jar;C:\Users\Mélody\.m2\repository\ch\qos\logback\logback-classic\1.5.12\logback-classic-1.5.12.jar;C:\Users\Mélody\.m2\repository\ch\qos\logback\logback-core\1.5.12\logback-core-1.5.12.jar;C:\Users\Mélody\.m2\repository\org\apache\logging\log4j\log4j-to-slf4j\2.24.1\log4j-to-slf4j-2.24.1.jar;C:\Users\Mélody\.m2\repository\org\apache\logging\log4j\log4j-api\2.24.1\log4j-api-2.24.1.jar;C:\Users\Mélody\.m2\repository\org\slf4j\jul-to-slf4j\2.0.16\jul-to-slf4j-2.0.16.jar;C:\Users\Mélody\.m2\repository\jakarta\annotation\jakarta.annotation-api\2.1.1\jakarta.annotation-api-2.1.1.jar;C:\Users\Mélody\.m2\repository\org\yaml\snakeyaml\2.3\snakeyaml-2.3.jar;C:\Users\Mélody\.m2\repository\org\springframework\boot\spring-boot-starter-json\3.4.0\spring-boot-starter-json-3.4.0.jar;C:\Users\Mélody\.m2\repository\com\fasterxml\jackson\core\jackson-databind\2.18.1\jackson-databind-2.18.1.jar;C:\Users\Mélody\.m2\repository\com\fasterxml\jackson\core\jackson-annotations\2.18.1\jackson-annotations-2.18.1.jar;C:\Users\Mélody\.m2\repository\com\fasterxml\jackson\core\jackson-core\2.18.1\jackson-core-2.18.1.jar;C:\Users\Mélody\.m2\repository\com\fasterxml\jackson\datatype\jackson-datatype-jdk8\2.18.1\jackson-datatype-jdk8-2.18.1.jar;C:\Users\Mélody\.m2\repository\com\fasterxml\jackson\datatype\jackson-datatype-jsr310\2.18.1\jackson-datatype-jsr310-2.18.1.jar;C:\Users\Mélody\.m2\repository\com\fasterxml\jackson\module\jackson-module-parameter-names\2.18.1\jackson-module-parameter-names-2.18.1.jar;C:\Users\Mélody\.m2\repository\org\springframework\boot\spring-boot-starter-tomcat\3.4.0\spring-boot-starter-tomcat-3.4.0.jar;C:\Users\Mélody\.m2\repository\org\apache\tomcat\embed\tomcat-embed-core\10.1.33\tomcat-embed-core-10.1.33.jar;C:\Users\Mélody\.m2\repository\org\apache\tomcat\embed\tomcat-embed-websocket\10.1.33\tomcat-embed-websocket-10.1.33.jar;C:\Users\Mélody\.m2\repository\org\springframework\spring-web\6.2.0\spring-web-6.2.0.jar;C:\Users\Mélody\.m2\repository\org\springframework\spring-beans\6.2.0\spring-beans-6.2.0.jar;C:\Users\Mélody\.m2\repository\io\micrometer\micrometer-observation\1.14.1\micrometer-observation-1.14.1.jar;C:\Users\Mélody\.m2\repository\io\micrometer\micrometer-commons\1.14.1\micrometer-commons-1.14.1.jar;C:\Users\Mélody\.m2\repository\org\springframework\spring-webmvc\6.2.0\spring-webmvc-6.2.0.jar;C:\Users\Mélody\.m2\repository\org\springframework\spring-aop\6.2.0\spring-aop-6.2.0.jar;C:\Users\Mélody\.m2\repository\org\springframework\spring-context\6.2.0\spring-context-6.2.0.jar;C:\Users\Mélody\.m2\repository\org\springframework\spring-expression\6.2.0\spring-expression-6.2.0.jar;C:\Users\Mélody\.m2\repository\org\springframework\boot\spring-boot-starter-data-jpa\3.4.0\spring-boot-starter-data-jpa-3.4.0.jar;C:\Users\Mélody\.m2\repository\org\springframework\boot\spring-boot-starter-jdbc\3.4.0\spring-boot-starter-jdbc-3.4.0.jar;C:\Users\Mélody\.m2\repository\com\zaxxer\HikariCP\5.1.0\HikariCP-5.1.0.jar;C:\Users\Mélody\.m2\repository\org\springframework\spring-jdbc\6.2.0\spring-jdbc-6.2.0.jar;C:\Users\Mélody\.m2\repository\org\hibernate\orm\hibernate-core\6.6.2.Final\hibernate-core-6.6.2.Final.jar;C:\Users\Mélody\.m2\repository\jakarta\persistence\jakarta.persistence-api\3.1.0\jakarta.persistence-api-3.1.0.jar;C:\Users\Mélody\.m2\repository\jakarta\transaction\jakarta.transaction-api\2.0.1\jakarta.transaction-api-2.0.1.jar;C:\Users\Mélody\.m2\repository\org\jboss\logging\jboss-logging\3.6.1.Final\jboss-logging-3.6.1.Final.jar;C:\Users\Mélody\.m2\repository\org\hibernate\common\hibernate-commons-annotations\7.0.3.Final\hibernate-commons-annotations-7.0.3.Final.jar;C:\Users\Mélody\.m2\repository\io\smallrye\jandex\3.2.0\jandex-3.2.0.jar;C:\Users\Mélody\.m2\repository\com\fasterxml\classmate\1.7.0\classmate-1.7.0.jar;C:\Users\Mélody\.m2\repository\org\glassfish\jaxb\jaxb-runtime\4.0.5\jaxb-runtime-4.0.5.jar;C:\Users\Mélody\.m2\repository\org\glassfish\jaxb\jaxb-core\4.0.5\jaxb-core-4.0.5.jar;C:\Users\Mélody\.m2\repository\org\eclipse\angus\angus-activation\2.0.2\angus-activation-2.0.2.jar;C:\Users\Mélody\.m2\repository\org\glassfish\jaxb\txw2\4.0.5\txw2-4.0.5.jar;C:\Users\Mélody\.m2\repository\com\sun\istack\istack-commons-runtime\4.1.2\istack-commons-runtime-4.1.2.jar;C:\Users\Mélody\.m2\repository\jakarta\inject\jakarta.inject-api\2.0.1\jakarta.inject-api-2.0.1.jar;C:\Users\Mélody\.m2\repository\org\antlr\antlr4-runtime\4.13.0\antlr4-runtime-4.13.0.jar;C:\Users\Mélody\.m2\repository\org\springframework\data\spring-data-jpa\3.4.0\spring-data-jpa-3.4.0.jar;C:\Users\Mélody\.m2\repository\org\springframework\data\spring-data-commons\3.4.0\spring-data-commons-3.4.0.jar;C:\Users\Mélody\.m2\repository\org\springframework\spring-orm\6.2.0\spring-orm-6.2.0.jar;C:\Users\Mélody\.m2\repository\org\springframework\spring-tx\6.2.0\spring-tx-6.2.0.jar;C:\Users\Mélody\.m2\repository\org\slf4j\slf4j-api\2.0.16\slf4j-api-2.0.16.jar;C:\Users\Mélody\.m2\repository\org\springframework\spring-aspects\6.2.0\spring-aspects-6.2.0.jar;C:\Users\Mélody\.m2\repository\org\aspectj\aspectjweaver\1.9.22.1\aspectjweaver-1.9.22.1.jar;C:\Users\Mélody\.m2\repository\org\springframework\boot\spring-boot-starter-validation\3.4.0\spring-boot-starter-validation-3.4.0.jar;C:\Users\Mélody\.m2\repository\org\apache\tomcat\embed\tomcat-embed-el\10.1.33\tomcat-embed-el-10.1.33.jar;C:\Users\Mélody\.m2\repository\org\hibernate\validator\hibernate-validator\8.0.1.Final\hibernate-validator-8.0.1.Final.jar;C:\Users\Mélody\.m2\repository\jakarta\validation\jakarta.validation-api\3.0.2\jakarta.validation-api-3.0.2.jar;C:\Users\Mélody\.m2\repository\org\projectlombok\lombok\1.18.38\lombok-1.18.38.jar;C:\Users\Mélody\.m2\repository\org\mapstruct\mapstruct\1.6.3\mapstruct-1.6.3.jar;C:\Users\Mélody\.m2\repository\org\mybatis\spring\boot\mybatis-spring-boot-starter\3.0.0\mybatis-spring-boot-starter-3.0.0.jar;C:\Users\Mélody\.m2\repository\org\mybatis\spring\boot\mybatis-spring-boot-autoconfigure\3.0.0\mybatis-spring-boot-autoconfigure-3.0.0.jar;C:\Users\Mélody\.m2\repository\org\mybatis\mybatis\3.5.11\mybatis-3.5.11.jar;C:\Users\Mélody\.m2\repository\org\mybatis\mybatis-spring\3.0.0\mybatis-spring-3.0.0.jar;C:\Users\Mélody\.m2\repository\org\mariadb\jdbc\mariadb-java-client\3.3.3\mariadb-java-client-3.3.3.jar;C:\Users\Mélody\.m2\repository\com\github\waffle\waffle-jna\3.3.0\waffle-jna-3.3.0.jar;C:\Users\Mélody\.m2\repository\net\java\dev\jna\jna\5.13.0\jna-5.13.0.jar;C:\Users\Mélody\.m2\repository\net\java\dev\jna\jna-platform\5.13.0\jna-platform-5.13.0.jar;C:\Users\Mélody\.m2\repository\org\slf4j\jcl-over-slf4j\2.0.16\jcl-over-slf4j-2.0.16.jar;C:\Users\Mélody\.m2\repository\com\github\ben-manes\caffeine\caffeine\3.1.8\caffeine-3.1.8.jar;C:\Users\Mélody\.m2\repository\com\google\errorprone\error_prone_annotations\2.21.1\error_prone_annotations-2.21.1.jar;C:\Users\Mélody\.m2\repository\org\checkerframework\checker-qual\3.32.0\checker-qual-3.32.0.jar;C:\Users\Mélody\.m2\repository\jakarta\xml\bind\jakarta.xml.bind-api\4.0.2\jakarta.xml.bind-api-4.0.2.jar;C:\Users\Mélody\.m2\repository\jakarta\activation\jakarta.activation-api\2.1.3\jakarta.activation-api-2.1.3.jar;C:\Users\Mélody\.m2\repository\org\springframework\spring-core\6.2.0\spring-core-6.2.0.jar;C:\Users\Mélody\.m2\repository\org\springframework\spring-jcl\6.2.0\spring-jcl-6.2.0.jar;C:\Users\Mélody\.m2\repository\net\bytebuddy\byte-buddy\1.15.10\byte-buddy-1.15.10.jar
Launcher Type: SUN_STANDARD

[Global flags]
     intx CICompilerCount                          = 4                                         {product} {ergonomic}
     uint ConcGCThreads                            = 3                                         {product} {ergonomic}
     uint G1ConcRefinementThreads                  = 10                                        {product} {ergonomic}
   size_t G1HeapRegionSize                         = 8388608                                   {product} {ergonomic}
    uintx GCDrainStackTargetSize                   = 64                                        {product} {ergonomic}
   size_t InitialHeapSize                          = 805306368                                 {product} {ergonomic}
     bool ManagementServer                         = true                                      {product} {command line}
   size_t MarkStackSize                            = 4194304                                   {product} {ergonomic}
   size_t MaxHeapSize                              = 12876513280                               {product} {ergonomic}
   size_t MaxNewSize                               = 7725907968                                {product} {ergonomic}
   size_t MinHeapDeltaBytes                        = 8388608                                   {product} {ergonomic}
   size_t MinHeapSize                              = 8388608                                   {product} {ergonomic}
    uintx NonNMethodCodeHeapSize                   = 4096                                   {pd product} {ergonomic}
    uintx NonProfiledCodeHeapSize                  = 0                                      {pd product} {ergonomic}
     bool ProfileInterpreter                       = false                                  {pd product} {command line}
    uintx ProfiledCodeHeapSize                     = 0                                      {pd product} {ergonomic}
   size_t SoftMaxHeapSize                          = 12876513280                            {manageable} {ergonomic}
     intx TieredStopAtLevel                        = 1                                         {product} {command line}
     bool UseCompressedOops                        = true                           {product lp64_product} {ergonomic}
     bool UseG1GC                                  = true                                      {product} {ergonomic}
     bool UseLargePagesIndividualAllocation        = false                                  {pd product} {ergonomic}

Logging:
Log output configuration:
 #0: stdout all=warning uptime,level,tags foldmultilines=false
 #1: stderr all=off uptime,level,tags foldmultilines=false

Environment Variables:
PATH=C:\WINDOWS\system32;C:\WINDOWS;C:\WINDOWS\System32\Wbem;C:\WINDOWS\System32\WindowsPowerShell\v1.0\;C:\WINDOWS\System32\OpenSSH\;C:\Program Files\NVIDIA Corporation\NVIDIA app\NvDLISR;C:\Program Files (x86)\NVIDIA Corporation\PhysX\Common;C:\Program Files\nodejs\;C:\Program Files\PowerShell\7-preview\preview;C:\Program Files\PowerShell\7\;C:\Program Files\Git\cmd;C:\Program Files\dotnet\;C:\Program Files\Maven\apache-maven-3.9.9\bin;C:\Program Files\Java\jdk-21.0.6\bin;C:\Users\Mélody\AppData\Local\Microsoft\WindowsApps;C:\Users\Mélody\AppData\Roaming\npm;C:\Users\Mélody\AppData\Local\Programs\Microsoft VS Code\bin;C:\Program Files\JetBrains\IntelliJ IDEA 2024.3.2.2\bin;;
USERNAME=Mélody
OS=Windows_NT
PROCESSOR_IDENTIFIER=AMD64 Family 23 Model 113 Stepping 0, AuthenticAMD
TMP=C:\Users\MLODY~1\AppData\Local\Temp
TEMP=C:\Users\MLODY~1\AppData\Local\Temp




Periodic native trim disabled

---------------  S Y S T E M  ---------------

OS:
 Windows 11 , 64 bit Build 26100 (10.0.26100.4768)
OS uptime: 0 days 7:50 hours

CPU: total 12 (initial active 12) (12 cores per cpu, 2 threads per core) family 23 model 113 stepping 0 microcode 0x8701021, cx8, cmov, fxsr, ht, mmx, 3dnowpref, sse, sse2, sse3, ssse3, sse4a, sse4.1, sse4.2, popcnt, lzcnt, tsc, tscinvbit, avx, avx2, aes, clmul, bmi1, bmi2, adx, sha, fma, vzeroupper, clflush, clflushopt, rdtscp, rdpid, f16c
Processor Information for all 12 processors :
  Max Mhz: 3800, Current Mhz: 3800, Mhz Limit: 3800

Memory: 4k page, system-wide physical 49097M (29544M free)
TotalPageFile size 52169M (AvailPageFile size 27894M)
current process WorkingSet (physical memory assigned to process): 235M, peak: 235M
current process commit charge ("private bytes"): 287M, peak: 913M

vm_info: Java HotSpot(TM) 64-Bit Server VM (21.0.6+8-LTS-188) for windows-amd64 JRE (21.0.6+8-LTS-188), built on 2024-12-03T10:50:54Z by "mach5one" with MS VC++ 17.6 (VS2022)

END.
